// Jest Snapshot v1, https://goo.gl/fbAQLP

exports[`PageTitle should render title component correctly 1`] = `
<DocumentFragment>
  <h6
    class="MuiTypography-root MuiTypography-h6 css-oblp1g-MuiTypography-root"
  >
    Lorem Ipsum
  </h6>
</DocumentFragment>
`;
